ERC レポート (2026-03-05T15:21:29+0100, エンコーディング UTF8)

***** シート /
[unannotated]: アノテーションされなかったアイテム: Cin?
    ; error
    @(4000 mils, 5450 mils): シンボル Cin [C]
[pin_to_pin]: ピンのタイプ Output と Power output が接続されています
    ; error
    @(6900 mils, 5200 mils): Symbol U1 ピン 7 [OUT, Output, Line]
    @(7600 mils, 5200 mils): Symbol #FLG04 ピン 1 [Power output, Line]
[footprint_link_issues]: 現在の構成にはフットプリント ライブラリ '' が含まれていません。
    ; warning
    @(4500 mils, 5100 mils): シンボル U1 [PAM2401SCADJ]
[pin_to_pin]: ピンのタイプ Unspecified と Passive が接続されています
    ; warning
    @(4500 mils, 5100 mils): Symbol U1 ピン 1 [LX, Unspecified, Line]
    @(3750 mils, 5100 mils): Symbol L1 ピン 2 [Passive, Line]
[pin_to_pin]: ピンのタイプ Unspecified と Input が接続されています
    ; warning
    @(4500 mils, 5200 mils): Symbol U1 ピン 2 [EN, Unspecified, Line]
    @(4500 mils, 5300 mils): Symbol U1 ピン 3 [VIN, Input, Line]
[pin_to_pin]: ピンのタイプ Unspecified と Passive が接続されています
    ; warning
    @(6900 mils, 5400 mils): Symbol U1 ピン 5 [FB, Unspecified, Line]
    @(7150 mils, 5500 mils): Symbol RFB1 ピン 2 [Passive, Line]

 ** ERC メッセージ: 6  エラー 2  警告 4
